src/components/MapScreen.tsx(5,22): error TS7016: Could not find a declaration file for module '@mapbox/polyline'. 'C:/Users/workp/Bike OS/bike-os/node_modules/@mapbox/polyline/src/polyline.js' implicitly has an 'any' type.
  Try `npm i --save-dev @types/mapbox__polyline` if it exists or add a new declaration (.d.ts) file containing `declare module '@mapbox/polyline';`
src/components/MapScreen.tsx(6,26): error TS2307: Cannot find module '@expo/vector-icons' or its corresponding type declarations.
src/components/MapScreen.tsx(37,30): error TS2749: 'MapLibreGL.Camera' refers to a value, but is being used as a type here. Did you mean 'typeof MapLibreGL.Camera'?
src/components/MapScreen.tsx(101,53): error TS7006: Parameter 'p' implicitly has an 'any' type.
src/components/MapScreen.tsx(184,17): error TS2322: Type '{ children: any[]; style: { flex: number; }; styleURL: any; logoEnabled: false; attributionEnabled: false; }' is not assignable to type 'IntrinsicAttributes & MapViewProps & RefAttributes<MapViewRef>'.
  Property 'styleURL' does not exist on type 'IntrinsicAttributes & MapViewProps & RefAttributes<MapViewRef>'.
src/components/MapScreen.tsx(184,47): error TS2339: Property 'Empty' does not exist on type '{ Default: string; }'.
src/components/MapScreen.tsx(194,21): error TS2322: Type '{ ref: RefObject<MapLibreGL.Camera>; zoomLevel: number; centerCoordinate: number[]; animationMode: "flyTo"; animationDuration: number; followingUserMode: string | undefined; }' is not assignable to type 'IntrinsicAttributes & CameraProps & RefAttributes<CameraRef>'.
  Property 'followingUserMode' does not exist on type 'IntrinsicAttributes & CameraProps & RefAttributes<CameraRef>'. Did you mean 'followUserMode'?
src/navigation/TabNavigator.tsx(5,26): error TS2307: Cannot find module '@expo/vector-icons' or its corresponding type declarations.
src/navigation/TabNavigator.tsx(20,30): error TS2741: Property 'fonts' is missing in type '{ dark: true; colors: { background: string; card: string; text: string; border: string; primary: string; notification: string; }; }' but required in type 'Theme'.
src/screens/WelcomeScreen.tsx(4,26): error TS2307: Cannot find module '@expo/vector-icons' or its corresponding type declarations.
src/screens/WelcomeScreen.tsx(68,18): error TS2604: JSX element type 'Camera' does not have any construct or call signatures.
src/screens/WelcomeScreen.tsx(68,18): error TS2786: 'Camera' cannot be used as a JSX component.
  Its type '{ getCameraPermissionsAsync: () => Promise<PermissionResponse>; requestCameraPermissionsAsync: () => Promise<PermissionResponse>; getMicrophonePermissionsAsync: () => Promise<...>; requestMicrophonePermissionsAsync: () => Promise<...>; scanFromURLAsync: (url: string, barcodeTypes?: BarcodeType[] | undefined) => Prom...' is not a valid JSX element type.
src/screens/WelcomeScreen.tsx(70,39): error TS2339: Property 'Constants' does not exist on type '{ getCameraPermissionsAsync: () => Promise<PermissionResponse>; requestCameraPermissionsAsync: () => Promise<PermissionResponse>; getMicrophonePermissionsAsync: () => Promise<...>; requestMicrophonePermissionsAsync: () => Promise<...>; scanFromURLAsync: (url: string, barcodeTypes?: BarcodeType[] | undefined) => Prom...'.
src/screens/WelcomeScreen.tsx(113,98): error TS2769: No overload matches this call.
  Argument of type '[string]' is not assignable to parameter of type 'never'.
  Overload 2 of 2, '(options: never): void', gave the following error.
    Argument of type '"Settings"' is not assignable to parameter of type 'never'.
